// Vitest Snapshot v1, https://vitest.dev/guide/snapshot.html

exports[`getViewBuilder > batched call 1`] = `
{
  "args": {
    "value": {
      "codec": "Struct",
      "innerDocs": {
        "calls": [],
      },
      "input": "0x08040700dc97b0271418c41f80d049826cfb1d6bd2e44e11ea39759addf6b01632ca973d0b00409452a30306050400dc97b0271418c41f80d049826cfb1d6bd2e44e11ea39759addf6b01632ca973d",
      "value": {
        "calls": {
          "codec": "Sequence",
          "input": "0x08040700dc97b0271418c41f80d049826cfb1d6bd2e44e11ea39759addf6b01632ca973d0b00409452a30306050400dc97b0271418c41f80d049826cfb1d6bd2e44e11ea39759addf6b01632ca973d",
          "value": [
            {
              "codec": "Enum",
              "docs": [],
              "input": "0x040700dc97b0271418c41f80d049826cfb1d6bd2e44e11ea39759addf6b01632ca973d0b00409452a303",
              "path": [
                "staging_kusama_runtime",
                "RuntimeCall",
              ],
              "value": {
                "as": [Function],
                "is": [Function],
                "type": "Balances",
                "value": {
                  "codec": "Enum",
                  "docs": [
                    "See [\`Pallet::transfer\`].",
                  ],
                  "input": "0x0700dc97b0271418c41f80d049826cfb1d6bd2e44e11ea39759addf6b01632ca973d0b00409452a303",
                  "path": [
                    "pallet_balances",
                    "pallet",
                    "Call",
                  ],
                  "value": {
                    "as": [Function],
                    "is": [Function],
                    "type": "transfer",
                    "value": {
                      "codec": "Struct",
                      "innerDocs": {
                        "dest": [],
                        "value": [],
                      },
                      "input": "0x00dc97b0271418c41f80d049826cfb1d6bd2e44e11ea39759addf6b01632ca973d0b00409452a303",
                      "value": {
                        "dest": {
                          "codec": "Enum",
                          "docs": [],
                          "input": "0x00dc97b0271418c41f80d049826cfb1d6bd2e44e11ea39759addf6b01632ca973d",
                          "path": [
                            "sp_runtime",
                            "multiaddress",
                            "MultiAddress",
                          ],
                          "value": {
                            "as": [Function],
                            "is": [Function],
                            "type": "Id",
                            "value": {
                              "codec": "AccountId",
                              "input": "0xdc97b0271418c41f80d049826cfb1d6bd2e44e11ea39759addf6b01632ca973d",
                              "path": [
                                "sp_core",
                                "crypto",
                                "AccountId32",
                              ],
                              "value": {
                                "address": "HZZ7X3nzKuYpdrT7wSDBb8HqB7cc8z77C8oVi2MACzfAhh4",
                                "ss58Prefix": 2,
                              },
                            },
                          },
                        },
                        "value": {
                          "codec": "compactBn",
                          "input": "0x0b00409452a303",
                          "value": 4000000000000n,
                        },
                      },
                    },
                  },
                },
              },
            },
            {
              "codec": "Enum",
              "docs": [],
              "input": "0x06050400dc97b0271418c41f80d049826cfb1d6bd2e44e11ea39759addf6b01632ca973d",
              "path": [
                "staging_kusama_runtime",
                "RuntimeCall",
              ],
              "value": {
                "as": [Function],
                "is": [Function],
                "type": "Staking",
                "value": {
                  "codec": "Enum",
                  "docs": [
                    "See [\`Pallet::nominate\`].",
                  ],
                  "input": "0x050400dc97b0271418c41f80d049826cfb1d6bd2e44e11ea39759addf6b01632ca973d",
                  "path": [
                    "pallet_staking",
                    "pallet",
                    "pallet",
                    "Call",
                  ],
                  "value": {
                    "as": [Function],
                    "is": [Function],
                    "type": "nominate",
                    "value": {
                      "codec": "Struct",
                      "innerDocs": {
                        "targets": [],
                      },
                      "input": "0x0400dc97b0271418c41f80d049826cfb1d6bd2e44e11ea39759addf6b01632ca973d",
                      "value": {
                        "targets": {
                          "codec": "Sequence",
                          "input": "0x0400dc97b0271418c41f80d049826cfb1d6bd2e44e11ea39759addf6b01632ca973d",
                          "value": [
                            {
                              "codec": "Enum",
                              "docs": [],
                              "input": "0x00dc97b0271418c41f80d049826cfb1d6bd2e44e11ea39759addf6b01632ca973d",
                              "path": [
                                "sp_runtime",
                                "multiaddress",
                                "MultiAddress",
                              ],
                              "value": {
                                "as": [Function],
                                "is": [Function],
                                "type": "Id",
                                "value": {
                                  "codec": "AccountId",
                                  "input": "0xdc97b0271418c41f80d049826cfb1d6bd2e44e11ea39759addf6b01632ca973d",
                                  "path": [
                                    "sp_core",
                                    "crypto",
                                    "AccountId32",
                                  ],
                                  "value": {
                                    "address": "HZZ7X3nzKuYpdrT7wSDBb8HqB7cc8z77C8oVi2MACzfAhh4",
                                    "ss58Prefix": 2,
                                  },
                                },
                              },
                            },
                          ],
                        },
                      },
                    },
                  },
                },
              },
            },
          ],
        },
      },
    },
  },
  "call": {
    "docs": [
      "See [\`Pallet::batch\`].",
    ],
    "input": "0x00",
    "value": {
      "idx": 0,
      "name": "batch",
    },
  },
  "pallet": {
    "input": "0x18",
    "value": {
      "idx": 24,
      "name": "Utility",
    },
  },
}
`;

exports[`getViewBuilder > felloship referenda submit 1`] = `
{
  "args": {
    "value": {
      "codec": "Struct",
      "innerDocs": {
        "enactment_moment": [],
        "proposal": [],
        "proposal_origin": [],
      },
      "input": "0x2b0f01590100004901415050524f56455f52464328303030352c39636261626661383035393864323933353833306330396331386530613065346564383232376238633866373434663166346134316438353937626236643434290101000000",
      "value": {
        "enactment_moment": {
          "codec": "Enum",
          "docs": [],
          "input": "0x0101000000",
          "path": [
            "frame_support",
            "traits",
            "schedule",
            "DispatchTime",
          ],
          "value": {
            "as": [Function],
            "is": [Function],
            "type": "After",
            "value": {
              "codec": "u32",
              "input": "0x01000000",
              "value": 1,
            },
          },
        },
        "proposal": {
          "codec": "Enum",
          "docs": [],
          "input": "0x01590100004901415050524f56455f52464328303030352c3963626162666138303539386432393335383330633039633138653061306534656438323237623863386637343466316634613431643835393762623664343429",
          "path": [
            "frame_support",
            "traits",
            "preimages",
            "Bounded",
          ],
          "value": {
            "as": [Function],
            "is": [Function],
            "type": "Inline",
            "value": {
              "codec": "Bytes",
              "input": "0x590100004901415050524f56455f52464328303030352c3963626162666138303539386432393335383330633039633138653061306534656438323237623863386637343466316634613431643835393762623664343429",
              "value": "0x00004901415050524f56455f52464328303030352c3963626162666138303539386432393335383330633039633138653061306534656438323237623863386637343466316634613431643835393762623664343429",
            },
          },
        },
        "proposal_origin": {
          "codec": "Enum",
          "docs": [],
          "input": "0x2b0f",
          "path": [
            "staging_kusama_runtime",
            "OriginCaller",
          ],
          "value": {
            "as": [Function],
            "is": [Function],
            "type": "Origins",
            "value": {
              "codec": "Enum",
              "docs": [],
              "input": "0x0f",
              "path": [
                "staging_kusama_runtime",
                "governance",
                "origins",
                "pallet_custom_origins",
                "Origin",
              ],
              "value": {
                "as": [Function],
                "is": [Function],
                "type": "Fellows",
                "value": {
                  "codec": "_void",
                  "input": "0x",
                  "value": undefined,
                },
              },
            },
          },
        },
      },
    },
  },
  "call": {
    "docs": [
      "See [\`Pallet::submit\`].",
    ],
    "input": "0x00",
    "value": {
      "idx": 0,
      "name": "submit",
    },
  },
  "pallet": {
    "input": "0x17",
    "value": {
      "idx": 23,
      "name": "FellowshipReferenda",
    },
  },
}
`;
