// Vitest Snapshot v1, https://vitest.dev/guide/snapshot.html

exports[`getChecksumBuilder > batched call 1`] = `17999676605435512891n`;

exports[`getChecksumBuilder > felloship referenda submit 1`] = `6891454522755512536n`;
