// Vitest Snapshot v1, https://vitest.dev/guide/snapshot.html

exports[`getDynamicBuilder > batched call 1`] = `
[
  [
    {
      "as": [Function],
      "is": [Function],
      "type": "Balances",
      "value": {
        "as": [Function],
        "is": [Function],
        "type": "transfer",
        "value": {
          "dest": {
            "as": [Function],
            "is": [Function],
            "type": "Id",
            "value": "HZZ7X3nzKuYpdrT7wSDBb8HqB7cc8z77C8oVi2MACzfAhh4",
          },
          "value": 4000000000000n,
        },
      },
    },
    {
      "as": [Function],
      "is": [Function],
      "type": "Staking",
      "value": {
        "as": [Function],
        "is": [Function],
        "type": "nominate",
        "value": {
          "targets": [
            {
              "as": [Function],
              "is": [Function],
              "type": "Id",
              "value": "HZZ7X3nzKuYpdrT7wSDBb8HqB7cc8z77C8oVi2MACzfAhh4",
            },
          ],
        },
      },
    },
  ],
]
`;

exports[`getDynamicBuilder > felloship referenda submit 1`] = `
[
  {
    "as": [Function],
    "is": [Function],
    "type": "Origins",
    "value": {
      "as": [Function],
      "is": [Function],
      "type": "Fellows",
      "value": undefined,
    },
  },
  {
    "as": [Function],
    "is": [Function],
    "type": "Inline",
    "value": {
      "asBytes": [Function],
      "asHex": [Function],
      "asText": [Function],
    },
  },
  {
    "as": [Function],
    "is": [Function],
    "type": "After",
    "value": 1,
  },
]
`;
